../Core/Src/Ecran.c:42:6:AfficherCase	48	static
../Core/Src/Ecran.c:76:6:AfficherCaseD	48	static
../Core/Src/Ecran.c:99:6:AfficherBouton	16	static
../Core/Src/Ecran.c:106:6:init_page	40	static
../Core/Src/Ecran.c:132:6:DessinerAxeX	16	static
../Core/Src/Ecran.c:150:6:DessinerAxeXD	16	static
../Core/Src/Ecran.c:171:6:DessinerAxeY	8	static
../Core/Src/Ecran.c:178:6:DessinerGraphePl	144	static
../Core/Src/Ecran.c:203:6:DessinerGraphe	144	static
../Core/Src/Ecran.c:227:6:DessinerGrapheH	144	static
../Core/Src/Ecran.c:253:6:DessinerGrapheD	136	static
../Core/Src/Ecran.c:311:6:DessinerGrapheP	136	static
../Core/Src/Ecran.c:338:6:ChangerDePage	184	static
