../Drivers/LPS22HH/lps22hh_reg.c:49:16:lps22hh_read_reg	40	static
../Drivers/LPS22HH/lps22hh_reg.c:70:16:lps22hh_write_reg	40	static
../Drivers/LPS22HH/lps22hh_reg.c:92:9:lps22hh_from_lsb_to_hpa	16	static
../Drivers/LPS22HH/lps22hh_reg.c:97:9:lps22hh_from_lsb_to_celsius	16	static
../Drivers/LPS22HH/lps22hh_reg.c:123:9:lps22hh_autozero_rst_set	24	static
../Drivers/LPS22HH/lps22hh_reg.c:147:9:lps22hh_autozero_rst_get	24	static
../Drivers/LPS22HH/lps22hh_reg.c:166:9:lps22hh_autozero_set	24	static
../Drivers/LPS22HH/lps22hh_reg.c:190:9:lps22hh_autozero_get	24	static
../Drivers/LPS22HH/lps22hh_reg.c:209:9:lps22hh_pressure_snap_rst_set	24	static
../Drivers/LPS22HH/lps22hh_reg.c:233:9:lps22hh_pressure_snap_rst_get	24	static
../Drivers/LPS22HH/lps22hh_reg.c:252:9:lps22hh_pressure_snap_set	24	static
../Drivers/LPS22HH/lps22hh_reg.c:276:9:lps22hh_pressure_snap_get	24	static
../Drivers/LPS22HH/lps22hh_reg.c:295:9:lps22hh_block_data_update_set	24	static
../Drivers/LPS22HH/lps22hh_reg.c:319:9:lps22hh_block_data_update_get	24	static
../Drivers/LPS22HH/lps22hh_reg.c:338:9:lps22hh_data_rate_set	32	static
../Drivers/LPS22HH/lps22hh_reg.c:375:9:lps22hh_data_rate_get	32	static
../Drivers/LPS22HH/lps22hh_reg.c:470:9:lps22hh_pressure_ref_set	24	static
../Drivers/LPS22HH/lps22hh_reg.c:493:9:lps22hh_pressure_ref_get	24	static
../Drivers/LPS22HH/lps22hh_reg.c:515:9:lps22hh_pressure_offset_set	24	static
../Drivers/LPS22HH/lps22hh_reg.c:538:9:lps22hh_pressure_offset_get	24	static
../Drivers/LPS22HH/lps22hh_reg.c:558:9:lps22hh_all_sources_get	24	static
../Drivers/LPS22HH/lps22hh_reg.c:589:9:lps22hh_status_reg_get	24	static
../Drivers/LPS22HH/lps22hh_reg.c:607:9:lps22hh_press_flag_data_ready_get	24	static
../Drivers/LPS22HH/lps22hh_reg.c:627:9:lps22hh_temp_flag_data_ready_get	24	static
../Drivers/LPS22HH/lps22hh_reg.c:659:9:lps22hh_pressure_raw_get	24	static
../Drivers/LPS22HH/lps22hh_reg.c:681:9:lps22hh_temperature_raw_get	24	static
../Drivers/LPS22HH/lps22hh_reg.c:701:9:lps22hh_fifo_pressure_raw_get	24	static
../Drivers/LPS22HH/lps22hh_reg.c:724:9:lps22hh_fifo_temperature_raw_get	24	static
../Drivers/LPS22HH/lps22hh_reg.c:757:9:lps22hh_device_id_get	24	static
../Drivers/LPS22HH/lps22hh_reg.c:775:9:lps22hh_reset_set	24	static
../Drivers/LPS22HH/lps22hh_reg.c:800:9:lps22hh_reset_get	24	static
../Drivers/LPS22HH/lps22hh_reg.c:821:9:lps22hh_auto_increment_set	24	static
../Drivers/LPS22HH/lps22hh_reg.c:847:9:lps22hh_auto_increment_get	24	static
../Drivers/LPS22HH/lps22hh_reg.c:867:9:lps22hh_boot_set	24	static
../Drivers/LPS22HH/lps22hh_reg.c:892:9:lps22hh_boot_get	24	static
../Drivers/LPS22HH/lps22hh_reg.c:924:9:lps22hh_lp_bandwidth_set	24	static
../Drivers/LPS22HH/lps22hh_reg.c:949:9:lps22hh_lp_bandwidth_get	24	static
../Drivers/LPS22HH/lps22hh_reg.c:1000:9:lps22hh_i2c_interface_set	24	static
../Drivers/LPS22HH/lps22hh_reg.c:1025:9:lps22hh_i2c_interface_get	24	static
../Drivers/LPS22HH/lps22hh_reg.c:1059:9:lps22hh_i3c_interface_set	24	static
../Drivers/LPS22HH/lps22hh_reg.c:1085:9:lps22hh_i3c_interface_get	24	static
../Drivers/LPS22HH/lps22hh_reg.c:1123:9:lps22hh_sdo_sa0_mode_set	24	static
../Drivers/LPS22HH/lps22hh_reg.c:1148:9:lps22hh_sdo_sa0_mode_get	24	static
../Drivers/LPS22HH/lps22hh_reg.c:1182:9:lps22hh_sda_mode_set	24	static
../Drivers/LPS22HH/lps22hh_reg.c:1206:9:lps22hh_sda_mode_get	24	static
../Drivers/LPS22HH/lps22hh_reg.c:1239:9:lps22hh_spi_mode_set	24	static
../Drivers/LPS22HH/lps22hh_reg.c:1263:9:lps22hh_spi_mode_get	24	static
../Drivers/LPS22HH/lps22hh_reg.c:1309:9:lps22hh_int_notification_set	24	static
../Drivers/LPS22HH/lps22hh_reg.c:1334:9:lps22hh_int_notification_get	24	static
../Drivers/LPS22HH/lps22hh_reg.c:1368:9:lps22hh_pin_mode_set	24	static
../Drivers/LPS22HH/lps22hh_reg.c:1392:9:lps22hh_pin_mode_get	24	static
../Drivers/LPS22HH/lps22hh_reg.c:1425:9:lps22hh_pin_polarity_set	24	static
../Drivers/LPS22HH/lps22hh_reg.c:1450:9:lps22hh_pin_polarity_get	24	static
../Drivers/LPS22HH/lps22hh_reg.c:1484:9:lps22hh_pin_int_route_set	24	static
../Drivers/LPS22HH/lps22hh_reg.c:1511:9:lps22hh_pin_int_route_get	24	static
../Drivers/LPS22HH/lps22hh_reg.c:1548:9:lps22hh_int_on_threshold_set	24	static
../Drivers/LPS22HH/lps22hh_reg.c:1584:9:lps22hh_int_on_threshold_get	24	static
../Drivers/LPS22HH/lps22hh_reg.c:1626:9:lps22hh_int_treshold_set	32	static
../Drivers/LPS22HH/lps22hh_reg.c:1654:9:lps22hh_int_treshold_get	32	static
../Drivers/LPS22HH/lps22hh_reg.c:1694:9:lps22hh_fifo_mode_set	24	static
../Drivers/LPS22HH/lps22hh_reg.c:1718:9:lps22hh_fifo_mode_get	24	static
../Drivers/LPS22HH/lps22hh_reg.c:1773:9:lps22hh_fifo_stop_on_wtm_set	24	static
../Drivers/LPS22HH/lps22hh_reg.c:1798:9:lps22hh_fifo_stop_on_wtm_get	24	static
../Drivers/LPS22HH/lps22hh_reg.c:1817:9:lps22hh_fifo_watermark_set	24	static
../Drivers/LPS22HH/lps22hh_reg.c:1841:9:lps22hh_fifo_watermark_get	24	static
../Drivers/LPS22HH/lps22hh_reg.c:1860:9:lps22hh_fifo_data_level_get	24	static
../Drivers/LPS22HH/lps22hh_reg.c:1877:9:lps22hh_fifo_src_get	24	static
../Drivers/LPS22HH/lps22hh_reg.c:1895:9:lps22hh_fifo_full_flag_get	24	static
../Drivers/LPS22HH/lps22hh_reg.c:1914:9:lps22hh_fifo_ovr_flag_get	24	static
../Drivers/LPS22HH/lps22hh_reg.c:1933:9:lps22hh_fifo_wtm_flag_get	24	static
